// Vitest Snapshot v1

exports[`lib/tv/source/shows > #getShowsUpdatedSince > returns shows updated since date 1`] = `
[
  {
    "dateTime": "2022-11-06T04:00:58.000Z",
    "id": "83498",
  },
  {
    "dateTime": "2022-11-06T04:01:34.000Z",
    "id": "425416",
  },
  {
    "dateTime": "2022-11-06T04:01:35.000Z",
    "id": "76703",
  },
  {
    "dateTime": "2022-11-06T04:02:34.000Z",
    "id": "365414",
  },
  {
    "dateTime": "2022-11-06T04:03:27.000Z",
    "id": "357741",
  },
]
`;

exports[`lib/tv/source/shows > GET /tv/shows/search > returns shows found in search 1`] = `
[
  {
    "description": "When Walter White, a chemistry teacher, is...",
    "firstAired": "2008-01-20T05:00:00.000Z",
    "id": "81189",
    "name": "Breaking Bad",
    "network": "AMC",
    "poster": "https://artworks.thetvdb.com/banners/posters/81189-10.jpg",
    "status": "Ended",
  },
  {
    "description": "明朝时，皇帝出征新疆。。。",
    "firstAired": "2016-04-11T04:00:00.000Z",
    "id": "415491",
    "name": "绝命卦师",
    "poster": "https://artworks.thetvdb.com/banners/v4/series/415491/posters/61f834ad1d22d.jpg",
    "status": "Ended",
  },
  {
    "description": "Metástasis Se centra en Walter Blanco ...",
    "firstAired": "2013-06-23T04:00:00.000Z",
    "id": "273859",
    "name": "Metástasis",
    "network": "Univision",
    "poster": "https://artworks.thetvdb.com/banners/posters/273859-1.jpg",
    "status": "Ended",
  },
  {
    "id": "357407",
    "name": "Baking Bad",
    "network": "Twitch",
    "poster": "https://artworks.thetvdb.com/banners/images/missing/series.jpg",
    "status": "Ended",
  },
  {
    "description": "Politics, Movies, Television, and Music Videos...",
    "firstAired": "2011-03-21T04:00:00.000Z",
    "id": "287759",
    "name": "Bad Lip Reading",
    "network": "YouTube",
    "poster": "https://artworks.thetvdb.com/banners/posters/287759-1.jpg",
    "status": "Continuing",
  },
]
`;
