// Vitest Snapshot v1

exports[`lib/notion/add-year > adds blocks based on the year template patterns and year extras 1`] = `
"
**January**
Sun, 1/1
- pattern-month-id task
- pattern-multiple-months-id task
- pattern-odd-months-id task
- pattern-every-month-id task
- Some task
- Some event
Mon, 1/2
- Another event
Thu, 1/5
- pattern-odd-months-date-id task
Tue, 1/10
- pattern-every-month-date-id task
Fri, 1/20
- pattern-multiple-months-date-id task
Tue, 1/24
- pattern-month-date-id task
> pattern-month-date-id task w/ toggle
	- blocks-from-toggle-id task

**February**
Wed, 2/1
- pattern-even-months-id task
- pattern-every-month-id task
Fri, 2/10
- pattern-every-month-date-id task
Wed, 2/22
- Another task
Thu, 2/23
- pattern-even-months-date-id task

**March**
Wed, 3/1
- pattern-odd-months-id task
- pattern-every-month-id task
- Has a subtask
	- blocks-from-nested-id task
- Event after subtask
Sun, 3/5
- pattern-odd-months-date-id task
Fri, 3/10
- pattern-every-month-date-id task

**April**
Sat, 4/1
- pattern-multiple-months-id task
- pattern-even-months-id task
- pattern-every-month-id task
Mon, 4/10
- pattern-every-month-date-id task
Sun, 4/23
- pattern-even-months-date-id task

**May**
Mon, 5/1
- pattern-odd-months-id task
- pattern-every-month-id task
Fri, 5/5
- pattern-odd-months-date-id task
Wed, 5/10
- pattern-every-month-date-id task

**June**
Thu, 6/1
- pattern-even-months-id task
- pattern-every-month-id task
Sat, 6/10
- pattern-every-month-date-id task
Fri, 6/23
- pattern-even-months-date-id task

**July**
Sat, 7/1
- pattern-multiple-months-id task
- pattern-odd-months-id task
- pattern-every-month-id task
Wed, 7/5
- pattern-odd-months-date-id task
Mon, 7/10
- pattern-every-month-date-id task

**August**
Tue, 8/1
- pattern-even-months-id task
- pattern-every-month-id task
Thu, 8/10
- pattern-every-month-date-id task
Wed, 8/23
- pattern-even-months-date-id task

**September**
Fri, 9/1
- pattern-odd-months-id task
- pattern-every-month-id task
Tue, 9/5
- pattern-odd-months-date-id task
Sun, 9/10
- pattern-every-month-date-id task
Wed, 9/20
- pattern-multiple-months-date-id task
"
`;

exports[`lib/notion/add-year > adds blocks based on the year template patterns and year extras 2`] = `
"
**October**
Sun, 10/1
- pattern-multiple-months-id task
- pattern-even-months-id task
- pattern-every-month-id task
Tue, 10/10
- pattern-every-month-date-id task
Mon, 10/23
- pattern-even-months-date-id task

**November**
Wed, 11/1
- pattern-odd-months-id task
- pattern-every-month-id task
Sun, 11/5
- pattern-odd-months-date-id task
Fri, 11/10
- pattern-every-month-date-id task

**December**
Fri, 12/1
- pattern-even-months-id task
- pattern-every-month-id task
Sun, 12/10
- pattern-every-month-date-id task
Sat, 12/23
- pattern-even-months-date-id task
"
`;

exports[`lib/notion/add-year > handles deeply nested quests 1`] = `
"
**January**
Sun, 1/1
- Quest
"
`;

exports[`lib/notion/add-year > handles deeply nested quests 2`] = `
"- Nested 1
"
`;

exports[`lib/notion/add-year > handles deeply nested quests 3`] = `
"- Nested 2
"
`;

exports[`lib/notion/add-year > handles deeply nested quests 4`] = `
"- Nested 3
"
`;

exports[`lib/notion/add-year > handles months that have no quests and lack of extras 1`] = `
"
**January**
Sun, 1/1
- pattern-month-id task
- pattern-multiple-months-id task
Fri, 1/20
- pattern-multiple-months-date-id task

**April**
Sat, 4/1
- pattern-multiple-months-id task

**July**
Sat, 7/1
- pattern-multiple-months-id task

**September**
Wed, 9/20
- pattern-multiple-months-date-id task

**October**
Sun, 10/1
- pattern-multiple-months-id task
"
`;
