// Vitest Snapshot v1

exports[`lib/notion/upcoming-week > POST /notion/upcoming-week/:key > adds week based on template and updates button url > button 1`] = `
"[embed](https://proxy.crbapps.com/notion/upcoming-week/key?addFollowingWeekButtonId=button-id&notionToken=notion-token&startDate=2022-01-02T12:00:00.000Z&upcomingId=upcoming-id&weekTemplatePageId=week-template-id)
"
`;

exports[`lib/notion/upcoming-week > POST /notion/upcoming-week/:key > adds week based on template and updates button url > upcoming 1`] = `
"Sun, 12/26
- Value 1
- Sun task 2
- Sun conditional task that matches
Mon, 12/27
- Mon Value 2: with a colon
- Mon task 2
- From the future for Monday
Tue, 12/28
- Tue task 1
Wed, 12/29
- Wed task 1 (has children)
	- Task 1
	- Task 2
- Wed task 2
- From the future for Wednesday
- From the future for Wednesday with children
	- Task 1
	- Task 2
Thu, 12/30
- Thu task 1
Fri, 12/31
- Value 3 (suffix)
Sat, 1/1
- Sat task 1
- Sat task 2
"
`;

exports[`lib/notion/upcoming-week > POST /notion/upcoming-week/:key > gracefully handles absence of button block and variables block 1`] = `
"Sun, 12/26
- \${var1}
- Sun task 2
- Sun conditional task that matches
Mon, 12/27
- Mon \${var2}
"
`;

exports[`lib/notion/upcoming-week > POST /notion/upcoming-week/:key > handles deeply nested quests 1`] = `
"Mon, 12/27
- Quest
"
`;

exports[`lib/notion/upcoming-week > POST /notion/upcoming-week/:key > handles deeply nested quests 2`] = `
"- Nested 1
"
`;

exports[`lib/notion/upcoming-week > POST /notion/upcoming-week/:key > handles deeply nested quests 3`] = `
"- Nested 2
"
`;

exports[`lib/notion/upcoming-week > POST /notion/upcoming-week/:key > handles deeply nested quests 4`] = `
"- Nested 3
"
`;
