// Vitest Snapshot v1

exports[`lib/notion/update-current-weather > updates the current weather block with temperature and conditions 1`] = `
{
  "heading_1": {
    "color": "default",
    "rich_text": [
      {
        "text": {
          "content": "☀️ ",
        },
      },
      {
        "annotations": {
          "color": "green",
        },
        "text": {
          "content": "59°",
        },
      },
    ],
  },
  "object": "block",
  "type": "heading_1",
}
`;
