// Vitest Snapshot v1, https://vitest.dev/guide/snapshot.html

exports[`lib/notion/update-upcoming-weather > does not update dates without weather data 1`] = `
"Wed, 12/28    🌪 23° {💙} / {🩶} 62° {🧡}
Fri, 12/30    💨 43° {💙} / {🩶} 66° {🧡}
"
`;

exports[`lib/notion/update-upcoming-weather > updates upcoming quest dates with temperature and conditions 1`] = `
"Thu, 12/29    ⛅️ 45° {💙} / {🩶} 66° {🧡}
Fri, 12/30    💨 43° {💙} / {🩶} 66° {🧡}
Sat, 12/31    ☔️ (85%) {🩶} 33° {💙} / {🩶} 54° {🧡}
Sun, 1/1    ❄️ 25° {💙} / {🩶} 51° {🧡}
Mon, 1/2    🌫 26° {💙} / {🩶} 51° {🧡}
Tue, 1/3    🥵 29° {💙} / {🩶} 63° {🧡}
Tue, 1/4    🌀 28° {💙} / {🩶} 44° {🧡}
Tue, 1/5    ⛈ 33° {💙} / {🩶} 54° {🧡}
Tue, 1/6    🌨 25° {💙} / {🩶} 51° {🧡}
"
`;
