// Vitest Snapshot v1

exports[`lib/tv/store/shows > GET /tv/shows > returns shows from store for user 1`] = `
[
  {
    "displayName": "user-1 display name",
    "episodes": [
      {
        "title": "Episode 1",
      },
      {
        "title": "Episode 2",
      },
    ],
    "fileName": "user-1 file name",
    "id": "1",
    "searchName": "user-1 search name",
  },
  {
    "displayName": "user-1 display name",
    "episodes": [
      {
        "title": "Episode 3",
      },
      {
        "title": "Episode 4",
      },
    ],
    "fileName": "user-1 file name",
    "id": "2",
    "searchName": "user-1 search name",
  },
]
`;

exports[`lib/tv/store/shows > POST /tv/shows > adds the show to the user if it already exists 1`] = `
{
  "displayName": "Show 3 name",
  "episodes": [
    {
      "title": "Episode 1",
    },
  ],
  "fileName": "Show 3 name",
  "id": "3",
  "searchName": "Show 3 name",
}
`;

exports[`lib/tv/store/shows > POST /tv/shows > gets the show data, saves it, and adds the show to the user if it does not already exist 1`] = `
{
  "displayName": "Show name",
  "episodes": [
    {
      "airdate": "2009-02-17T05:00:00.000Z",
      "id": "3859781",
      "number": 1,
      "season": 0,
      "title": "Good Cop Bad Cop",
    },
    {
      "id": "3859791",
      "number": 0,
      "season": 0,
      "title": "Wedding Day",
    },
    {
      "airdate": "2009-02-17T05:00:00.000Z",
      "id": "3859801",
      "number": 3,
      "season": 0,
      "title": "TwaughtHammer",
    },
    {
      "airdate": "2009-02-17T05:00:00.000Z",
      "id": "3859811",
      "number": 4,
      "season": 0,
      "title": "Marie's Confession",
    },
    {
      "airdate": "2009-02-17T05:00:00.000Z",
      "id": "3859821",
      "number": 5,
      "season": 0,
      "title": "The Break-In",
    },
  ],
  "fileName": "Show name",
  "id": "2",
  "network": "Show 2 network",
  "poster": "Show poster",
  "searchName": "Show name",
  "status": "Continuing",
}
`;

exports[`lib/tv/store/shows > PUT /tv/shows/:id > updates the show and returns it 1`] = `
{
  "id": "1",
  "name": "Show 1 name",
  "users": {
    "user-1": {
      "displayName": "new display name",
      "fileName": "new file name",
      "searchName": "new search name",
    },
  },
}
`;
