// Vitest Snapshot v1

exports[`lib/weather > GET /weather > returns weather and converts data from WeatherKit 1`] = `
{
  "alerts": [
    {
      "expires": 1672340400,
      "messages": [
        "...WINTER WEATHER ADVISORY NOW IN EFFECT FROM 9 AM THIS MORNING
TO MIDNIGHT CST TONIGHT...
...WIND CHILL ADVISORY IN EFFECT FROM MIDNIGHT TONIGHT TO 10 AM
CST SATURDAY...
* WHAT...For the Winter Weather Advisory, snow expected. Total
snow accumulations of up to two inches. Winds gusting as high
as 40 mph. For the Wind Chill Advisory, very cold wind chills
expected. Wind chills as low as 30 below zero.
* WHERE...Portions of northwest and west central Minnesota and
northeast and southeast North Dakota.
* WHEN...For the Winter Weather Advisory, from 9 AM this morning
to midnight CST tonight. For the Wind Chill Advisory, from
midnight tonight to 10 AM CST Saturday.
* IMPACTS...Plan on slippery road conditions. Snow and blowing
snow could significantly reduce visibility. The hazardous
conditions could impact the evening commute. The dangerously
cold wind chills could cause frostbite on exposed skin in as
little as 10 minutes.",
      ],
      "severity": "minor",
      "time": 1672257840,
      "title": "Winter Weather Advisory",
    },
  ],
  "currently": {
    "apparentTemperature": 39.092,
    "icon": "clear",
    "precipAccumulation": 0.421259842519685,
    "precipProbability": 0.8,
    "summary": "Clear",
    "temperature": 23,
  },
  "daily": {
    "data": [
      {
        "icon": "tornado",
        "precipAccumulation": 0,
        "precipProbability": 0.06,
        "precipType": "clear",
        "snowAccumulation": 0,
        "sunrise": 1672236484,
        "sunset": 1672272014,
        "temperatureHigh": 62.132,
        "temperatureLow": 23,
        "time": 1672210800,
      },
      {
        "icon": "partly-cloudy",
        "precipAccumulation": 0,
        "precipProbability": 0.17,
        "precipType": "clear",
        "snowAccumulation": 0,
        "sunrise": 1672322942,
        "sunset": 1672358399,
        "temperatureHigh": 66.00200000000001,
        "temperatureLow": 44.996,
        "time": 1672297200,
      },
      {
        "icon": "wind",
        "precipAccumulation": 0,
        "precipProbability": 0.01,
        "precipType": "clear",
        "snowAccumulation": 0,
        "sunrise": 1672409399,
        "sunset": 1672444786,
        "temperatureHigh": 65.98400000000001,
        "temperatureLow": 42.998000000000005,
        "time": 1672383600,
      },
      {
        "icon": "rain",
        "precipAccumulation": 0,
        "precipProbability": 0.85,
        "precipType": "clear",
        "snowAccumulation": 0,
        "sunrise": 1672495856,
        "sunset": 1672531176,
        "temperatureHigh": 53.996,
        "temperatureLow": 32.99,
        "time": 1672470000,
      },
      {
        "icon": "snow",
        "precipAccumulation": 0,
        "precipProbability": 0.85,
        "precipType": "clear",
        "snowAccumulation": 0,
        "sunrise": 1672582311,
        "sunset": 1672617567,
        "temperatureHigh": 50.99,
        "temperatureLow": 25.016,
        "time": 1672556400,
      },
      {
        "icon": "fog",
        "precipAccumulation": 0.03149606299212599,
        "precipProbability": 0.27,
        "precipType": "rain",
        "snowAccumulation": 0,
        "sunrise": 1672668766,
        "sunset": 1672703961,
        "temperatureHigh": 50.99,
        "temperatureLow": 26.006,
        "time": 1672642800,
      },
      {
        "icon": "hot",
        "precipAccumulation": 0.007874015748031498,
        "precipProbability": 0.38,
        "precipType": "rain",
        "snowAccumulation": 0,
        "sunrise": 1672755220,
        "sunset": 1672790356,
        "temperatureHigh": 62.995999999999995,
        "temperatureLow": 29.012,
        "time": 1672729200,
      },
      {
        "icon": "hurricane",
        "precipAccumulation": 0,
        "precipProbability": 0.35,
        "precipType": "clear",
        "snowAccumulation": 0,
        "sunrise": 1672841673,
        "sunset": 1672876753,
        "temperatureHigh": 44.042,
        "temperatureLow": 28.328,
        "time": 1672815600,
      },
      {
        "icon": "storm",
        "precipAccumulation": 0,
        "precipProbability": 0.85,
        "precipType": "clear",
        "snowAccumulation": 0,
        "sunrise": 1672928125,
        "sunset": 1672963153,
        "temperatureHigh": 53.996,
        "temperatureLow": 33.0008,
        "time": 1672902000,
      },
      {
        "icon": "sleet",
        "precipAccumulation": 0,
        "precipProbability": 0.09,
        "precipType": "clear",
        "snowAccumulation": 0,
        "sunrise": 1673014576,
        "sunset": 1673049555,
        "temperatureHigh": 51.008,
        "temperatureLow": 24.997999999999998,
        "time": 1672988400,
      },
    ],
  },
  "hourly": {
    "data": [
      {
        "apparentTemperature": 24.674,
        "precipIntensity": 0,
        "precipProbability": 0.8,
        "precipType": "clear",
        "snowIntensity": 0,
        "temperature": 29.174,
        "time": 1672203600,
        "windSpeed": 4.089496581727781,
      },
      {
        "apparentTemperature": 22.028,
        "precipIntensity": 0,
        "precipProbability": 0,
        "precipType": "clear",
        "snowIntensity": 0,
        "temperature": 27.625999999999998,
        "time": 1672207200,
        "windSpeed": 4.872591671845867,
      },
      {
        "apparentTemperature": 19.832,
        "precipIntensity": 0,
        "precipProbability": 0,
        "precipType": "clear",
        "snowIntensity": 0,
        "temperature": 25.97,
        "time": 1672210800,
        "windSpeed": 5.127408328154133,
      },
      {
        "apparentTemperature": 18.752,
        "precipIntensity": 0,
        "precipProbability": 0,
        "precipType": "clear",
        "snowIntensity": 0,
        "temperature": 24.656,
        "time": 1672214400,
        "windSpeed": 4.679925419515227,
      },
      {
        "apparentTemperature": 17.689999999999998,
        "precipIntensity": 0,
        "precipProbability": 0,
        "precipType": "clear",
        "snowIntensity": 0,
        "temperature": 23.63,
        "time": 1672218000,
        "windSpeed": 4.5742697327532635,
      },
      {
        "apparentTemperature": 15.259999999999998,
        "precipIntensity": 0,
        "precipProbability": 0,
        "precipType": "clear",
        "snowIntensity": 0,
        "temperature": 22.262,
        "time": 1672221600,
        "windSpeed": 5.3138595400870114,
      },
      {
        "apparentTemperature": 13.675999999999998,
        "precipIntensity": 0,
        "precipProbability": 0,
        "precipType": "clear",
        "snowIntensity": 0,
        "temperature": 21.596,
        "time": 1672225200,
        "windSpeed": 6.134244872591672,
      },
      {
        "apparentTemperature": 14.072,
        "precipIntensity": 0,
        "precipProbability": 0,
        "precipType": "clear",
        "snowIntensity": 0,
        "temperature": 22.334,
        "time": 1672228800,
        "windSpeed": 6.68116842759478,
      },
      {
        "apparentTemperature": 13.658000000000001,
        "precipIntensity": 0,
        "precipProbability": 0,
        "precipType": "clear",
        "snowIntensity": 0,
        "temperature": 22.514000000000003,
        "time": 1672232400,
        "windSpeed": 7.464263517712865,
      },
      {
        "apparentTemperature": 14.341999999999999,
        "precipIntensity": 0,
        "precipProbability": 0,
        "precipType": "clear",
        "snowIntensity": 0,
        "temperature": 22.945999999999998,
        "time": 1672236000,
        "windSpeed": 7.265382224984462,
      },
      {
        "apparentTemperature": 17.294,
        "precipIntensity": 0,
        "precipProbability": 0,
        "precipType": "clear",
        "snowIntensity": 0,
        "temperature": 25.628,
        "time": 1672239600,
        "windSpeed": 7.66935985083903,
      },
      {
        "apparentTemperature": 22.586,
        "precipIntensity": 0,
        "precipProbability": 0,
        "precipType": "clear",
        "snowIntensity": 0,
        "temperature": 31.55,
        "time": 1672243200,
        "windSpeed": 11.131137352392791,
      },
      {
        "apparentTemperature": 28.04,
        "precipIntensity": 0,
        "precipProbability": 0,
        "precipType": "clear",
        "snowIntensity": 0,
        "temperature": 36.338,
        "time": 1672246800,
        "windSpeed": 12.399005593536357,
      },
      {
        "apparentTemperature": 34.052,
        "precipIntensity": 0,
        "precipProbability": 0,
        "precipType": "clear",
        "snowIntensity": 0,
        "temperature": 40.892,
        "time": 1672250400,
        "windSpeed": 11.671845866998137,
      },
      {
        "apparentTemperature": 40.01,
        "precipIntensity": 0,
        "precipProbability": 0,
        "precipType": "clear",
        "snowIntensity": 0,
        "temperature": 45.122,
        "time": 1672254000,
        "windSpeed": 9.875699192044749,
      },
      {
        "apparentTemperature": 45.392,
        "precipIntensity": 0,
        "precipProbability": 0,
        "precipType": "clear",
        "snowIntensity": 0,
        "temperature": 48.704,
        "time": 1672257600,
        "windSpeed": 7.470478558110628,
      },
      {
        "apparentTemperature": 49.478,
        "precipIntensity": 0,
        "precipProbability": 0,
        "precipType": "clear",
        "snowIntensity": 0,
        "temperature": 51.926,
        "time": 1672261200,
        "windSpeed": 7.743940335612182,
      },
      {
        "apparentTemperature": 50.936,
        "precipIntensity": 0,
        "precipProbability": 0,
        "precipType": "clear",
        "snowIntensity": 0,
        "temperature": 53.474000000000004,
        "time": 1672264800,
        "windSpeed": 10.758234928527035,
      },
      {
        "apparentTemperature": 49.694,
        "precipIntensity": 0,
        "precipProbability": 0,
        "precipType": "clear",
        "snowIntensity": 0,
        "temperature": 52.141999999999996,
        "time": 1672268400,
        "windSpeed": 10.559353635798631,
      },
      {
        "apparentTemperature": 43.466,
        "precipIntensity": 0,
        "precipProbability": 0,
        "precipType": "clear",
        "snowIntensity": 0,
        "temperature": 47.336,
        "time": 1672272000,
        "windSpeed": 8.054692355500311,
      },
      {
        "apparentTemperature": 40.064,
        "precipIntensity": 0,
        "precipProbability": 0,
        "precipType": "clear",
        "snowIntensity": 0,
        "temperature": 44.042,
        "time": 1672275600,
        "windSpeed": 6.855189558732131,
      },
      {
        "apparentTemperature": 37.346000000000004,
        "precipIntensity": 0,
        "precipProbability": 0,
        "precipType": "clear",
        "snowIntensity": 0,
        "temperature": 42.134,
        "time": 1672279200,
        "windSpeed": 7.656929770043505,
      },
      {
        "apparentTemperature": 35.78,
        "precipIntensity": 0,
        "precipProbability": 0,
        "precipType": "clear",
        "snowIntensity": 0,
        "temperature": 41.576,
        "time": 1672282800,
        "windSpeed": 9.484151646985705,
      },
      {
        "apparentTemperature": 34.196,
        "precipIntensity": 0,
        "precipProbability": 0,
        "precipType": "clear",
        "snowIntensity": 0,
        "temperature": 40.604,
        "time": 1672286400,
        "windSpeed": 10.422622747047855,
      },
      {
        "apparentTemperature": 32.504,
        "precipIntensity": 0,
        "precipProbability": 0,
        "precipType": "clear",
        "snowIntensity": 0,
        "temperature": 39.884,
        "time": 1672290000,
        "windSpeed": 12.423865755127407,
      },
      {
        "apparentTemperature": 30.632,
        "precipIntensity": 0,
        "precipProbability": 0,
        "precipType": "clear",
        "snowIntensity": 0,
        "temperature": 38.678,
        "time": 1672293600,
        "windSpeed": 13.38719701678061,
      },
      {
        "apparentTemperature": 29.48,
        "precipIntensity": 0,
        "precipProbability": 0,
        "precipType": "clear",
        "snowIntensity": 0,
        "temperature": 37.688,
        "time": 1672297200,
        "windSpeed": 13.088875077688005,
      },
      {
        "apparentTemperature": 28.562,
        "precipIntensity": 0,
        "precipProbability": 0,
        "precipType": "clear",
        "snowIntensity": 0,
        "temperature": 36.824,
        "time": 1672300800,
        "windSpeed": 12.672467371037913,
      },
      {
        "apparentTemperature": 27.482,
        "precipIntensity": 0,
        "precipProbability": 0,
        "precipType": "clear",
        "snowIntensity": 0,
        "temperature": 35.942,
        "time": 1672304400,
        "windSpeed": 12.59788688626476,
      },
      {
        "apparentTemperature": 27.05,
        "precipIntensity": 0,
        "precipProbability": 0,
        "precipType": "clear",
        "snowIntensity": 0,
        "temperature": 35.672,
        "time": 1672308000,
        "windSpeed": 12.852703542573026,
      },
      {
        "apparentTemperature": 26.509999999999998,
        "precipIntensity": 0,
        "precipProbability": 0,
        "precipType": "clear",
        "snowIntensity": 0,
        "temperature": 35.402,
        "time": 1672311600,
        "windSpeed": 13.36233685518956,
      },
      {
        "apparentTemperature": 25.592,
        "precipIntensity": 0,
        "precipProbability": 0,
        "precipType": "clear",
        "snowIntensity": 0,
        "temperature": 34.52,
        "time": 1672315200,
        "windSpeed": 12.827843380981976,
      },
      {
        "apparentTemperature": 24.494,
        "precipIntensity": 0,
        "precipProbability": 0,
        "precipType": "clear",
        "snowIntensity": 0,
        "temperature": 33.8,
        "time": 1672318800,
        "windSpeed": 13.325046612802984,
      },
      {
        "apparentTemperature": 23.125999999999998,
        "precipIntensity": 0,
        "precipProbability": 0,
        "precipType": "clear",
        "snowIntensity": 0,
        "temperature": 33.116,
        "time": 1672322400,
        "windSpeed": 14.623990055935364,
      },
      {
        "apparentTemperature": 22.028,
        "precipIntensity": 0,
        "precipProbability": 0,
        "precipType": "clear",
        "snowIntensity": 0,
        "temperature": 32.666,
        "time": 1672326000,
        "windSpeed": 16.07830950901181,
      },
      {
        "apparentTemperature": 21.362000000000002,
        "precipIntensity": 0,
        "precipProbability": 0,
        "precipType": "clear",
        "snowIntensity": 0,
        "temperature": 32,
        "time": 1672329600,
        "windSpeed": 15.5313859540087,
      },
      {
        "apparentTemperature": 24.674,
        "precipIntensity": 0,
        "precipProbability": 0,
        "precipType": "clear",
        "snowIntensity": 0,
        "temperature": 34.178,
        "time": 1672333200,
        "windSpeed": 14.027346177750156,
      },
      {
        "apparentTemperature": 28.094,
        "precipIntensity": 0,
        "precipProbability": 0,
        "precipType": "clear",
        "snowIntensity": 0,
        "temperature": 36.716,
        "time": 1672336800,
        "windSpeed": 13.530142945929148,
      },
      {
        "apparentTemperature": 30.776,
        "precipIntensity": 0,
        "precipProbability": 0,
        "precipType": "clear",
        "snowIntensity": 0,
        "temperature": 39.056,
        "time": 1672340400,
        "windSpeed": 14.431323803604723,
      },
      {
        "apparentTemperature": 33.332,
        "precipIntensity": 0,
        "precipProbability": 0,
        "precipType": "clear",
        "snowIntensity": 0,
        "temperature": 41.018,
        "time": 1672344000,
        "windSpeed": 14.275947793660658,
      },
      {
        "apparentTemperature": 35.258,
        "precipIntensity": 0,
        "precipProbability": 0,
        "precipType": "clear",
        "snowIntensity": 0,
        "temperature": 42.403999999999996,
        "time": 1672347600,
        "windSpeed": 13.760099440646364,
      },
      {
        "apparentTemperature": 35.852000000000004,
        "precipIntensity": 0,
        "precipProbability": 0,
        "precipType": "clear",
        "snowIntensity": 0,
        "temperature": 42.368,
        "time": 1672351200,
        "windSpeed": 11.85208203853325,
      },
      {
        "apparentTemperature": 35.114,
        "precipIntensity": 0,
        "precipProbability": 0,
        "precipType": "clear",
        "snowIntensity": 0,
        "temperature": 41.09,
        "time": 1672354800,
        "windSpeed": 9.61466749533872,
      },
      {
        "apparentTemperature": 32.234,
        "precipIntensity": 0,
        "precipProbability": 0,
        "precipType": "clear",
        "snowIntensity": 0,
        "temperature": 37.22,
        "time": 1672358400,
        "windSpeed": 6.2585456805469235,
      },
      {
        "apparentTemperature": 29.444,
        "precipIntensity": 0,
        "precipProbability": 0,
        "precipType": "clear",
        "snowIntensity": 0,
        "temperature": 33.566,
        "time": 1672362000,
        "windSpeed": 4.394033561218148,
      },
      {
        "apparentTemperature": 27.41,
        "precipIntensity": 0,
        "precipProbability": 0,
        "precipType": "clear",
        "snowIntensity": 0,
        "temperature": 30.451999999999998,
        "time": 1672365600,
        "windSpeed": 3.0888750776880047,
      },
      {
        "apparentTemperature": 24.404,
        "precipIntensity": 0,
        "precipProbability": 0,
        "precipType": "clear",
        "snowIntensity": 0,
        "temperature": 27.68,
        "time": 1672369200,
        "windSpeed": 3.008079552517091,
      },
      {
        "apparentTemperature": 20.282,
        "precipIntensity": 0,
        "precipProbability": 0,
        "precipType": "clear",
        "snowIntensity": 0,
        "temperature": 25.322,
        "time": 1672372800,
        "windSpeed": 4.039776258545681,
      },
      {
        "apparentTemperature": 17.473999999999997,
        "precipIntensity": 0,
        "precipProbability": 0,
        "precipType": "clear",
        "snowIntensity": 0,
        "temperature": 23.954,
        "time": 1672376400,
        "windSpeed": 5.121193287756371,
      },
      {
        "apparentTemperature": 16.214,
        "precipIntensity": 0,
        "precipProbability": 0,
        "precipType": "clear",
        "snowIntensity": 0,
        "temperature": 23.144,
        "time": 1672380000,
        "windSpeed": 5.413300186451212,
      },
      {
        "apparentTemperature": 14.702000000000002,
        "precipIntensity": 0,
        "precipProbability": 0,
        "precipType": "clear",
        "snowIntensity": 0,
        "temperature": 22.244,
        "time": 1672383600,
        "windSpeed": 5.86699813548788,
      },
      {
        "apparentTemperature": 13.514,
        "precipIntensity": 0,
        "precipProbability": 0,
        "precipType": "clear",
        "snowIntensity": 0,
        "temperature": 21.596,
        "time": 1672387200,
        "windSpeed": 6.314481044126787,
      },
      {
        "apparentTemperature": 12.056000000000001,
        "precipIntensity": 0,
        "precipProbability": 0,
        "precipType": "clear",
        "snowIntensity": 0,
        "temperature": 20.84,
        "time": 1672390800,
        "windSpeed": 6.942200124300808,
      },
      {
        "apparentTemperature": 10.544,
        "precipIntensity": 0,
        "precipProbability": 0,
        "precipType": "clear",
        "snowIntensity": 0,
        "temperature": 20.156,
        "time": 1672394400,
        "windSpeed": 7.81230577998757,
      },
      {
        "apparentTemperature": 9.302,
        "precipIntensity": 0,
        "precipProbability": 0,
        "precipType": "clear",
        "snowIntensity": 0,
        "temperature": 19.436,
        "time": 1672398000,
        "windSpeed": 8.29086389061529,
      },
      {
        "apparentTemperature": 8.924,
        "precipIntensity": 0,
        "precipProbability": 0,
        "precipType": "clear",
        "snowIntensity": 0,
        "temperature": 19.472,
        "time": 1672401600,
        "windSpeed": 8.862647607209446,
      },
      {
        "apparentTemperature": 8.347999999999999,
        "precipIntensity": 0,
        "precipProbability": 0,
        "precipType": "clear",
        "snowIntensity": 0,
        "temperature": 19.454,
        "time": 1672405200,
        "windSpeed": 9.676817899316346,
      },
      {
        "apparentTemperature": 8.402000000000001,
        "precipIntensity": 0,
        "precipProbability": 0,
        "precipType": "clear",
        "snowIntensity": 0,
        "temperature": 19.832,
        "time": 1672408800,
        "windSpeed": 10.329397141081417,
      },
      {
        "apparentTemperature": 11.084,
        "precipIntensity": 0,
        "precipProbability": 0,
        "precipType": "clear",
        "snowIntensity": 0,
        "temperature": 22.172,
        "time": 1672412400,
        "windSpeed": 10.74580484773151,
      },
      {
        "apparentTemperature": 16.988,
        "precipIntensity": 0,
        "precipProbability": 0,
        "precipType": "clear",
        "snowIntensity": 0,
        "temperature": 27.158,
        "time": 1672416000,
        "windSpeed": 11.354878806712243,
      },
      {
        "apparentTemperature": 22.154,
        "precipIntensity": 0,
        "precipProbability": 0,
        "precipType": "clear",
        "snowIntensity": 0,
        "temperature": 31.892,
        "time": 1672419600,
        "windSpeed": 13.101305158483529,
      },
      {
        "apparentTemperature": 28.058,
        "precipIntensity": 0,
        "precipProbability": 0,
        "precipType": "clear",
        "snowIntensity": 0,
        "temperature": 36.932,
        "time": 1672423200,
        "windSpeed": 14.443753884400248,
      },
      {
        "apparentTemperature": 33.584,
        "precipIntensity": 0,
        "precipProbability": 0,
        "precipType": "clear",
        "snowIntensity": 0,
        "temperature": 41.288,
        "time": 1672426800,
        "windSpeed": 14.561839651957738,
      },
      {
        "apparentTemperature": 38.282000000000004,
        "precipIntensity": 0,
        "precipProbability": 0,
        "precipType": "clear",
        "snowIntensity": 0,
        "temperature": 44.870000000000005,
        "time": 1672430400,
        "windSpeed": 14.133001864512119,
      },
      {
        "apparentTemperature": 41.648,
        "precipIntensity": 0,
        "precipProbability": 0,
        "precipType": "clear",
        "snowIntensity": 0,
        "temperature": 47.336,
        "time": 1672434000,
        "windSpeed": 13.306401491609696,
      },
      {
        "apparentTemperature": 43.106,
        "precipIntensity": 0,
        "precipProbability": 0,
        "precipType": "clear",
        "snowIntensity": 0,
        "temperature": 48.164,
        "time": 1672437600,
        "windSpeed": 11.883157240522063,
      },
      {
        "apparentTemperature": 42.403999999999996,
        "precipIntensity": 0,
        "precipProbability": 0,
        "precipType": "clear",
        "snowIntensity": 0,
        "temperature": 46.994,
        "time": 1672441200,
        "windSpeed": 9.66438781852082,
      },
      {
        "apparentTemperature": 38.624,
        "precipIntensity": 0,
        "precipProbability": 0,
        "precipType": "clear",
        "snowIntensity": 0,
        "temperature": 43.394,
        "time": 1672444800,
        "windSpeed": 8.135487880671224,
      },
      {
        "apparentTemperature": 35.6,
        "precipIntensity": 0,
        "precipProbability": 0,
        "precipType": "clear",
        "snowIntensity": 0,
        "temperature": 40.64,
        "time": 1672448400,
        "windSpeed": 7.520198881292728,
      },
      {
        "apparentTemperature": 32.54,
        "precipIntensity": 0,
        "precipProbability": 0,
        "precipType": "clear",
        "snowIntensity": 0,
        "temperature": 38.12,
        "time": 1672452000,
        "windSpeed": 7.513983840894966,
      },
      {
        "apparentTemperature": 29.372,
        "precipIntensity": 0,
        "precipProbability": 0,
        "precipType": "clear",
        "snowIntensity": 0,
        "temperature": 35.6,
        "time": 1672455600,
        "windSpeed": 7.6942200124300815,
      },
      {
        "apparentTemperature": 27.086,
        "precipIntensity": 0,
        "precipProbability": 0,
        "precipType": "clear",
        "snowIntensity": 0,
        "temperature": 33.818,
        "time": 1672459200,
        "windSpeed": 7.911746426351772,
      },
      {
        "apparentTemperature": 25.124000000000002,
        "precipIntensity": 0,
        "precipProbability": 0,
        "precipType": "clear",
        "snowIntensity": 0,
        "temperature": 32.396,
        "time": 1672462800,
        "windSpeed": 8.31572405220634,
      },
      {
        "apparentTemperature": 23.468,
        "precipIntensity": 0,
        "precipProbability": 0,
        "precipType": "clear",
        "snowIntensity": 0,
        "temperature": 31.136,
        "time": 1672466400,
        "windSpeed": 8.489745183343691,
      },
      {
        "apparentTemperature": 22.189999999999998,
        "precipIntensity": 0,
        "precipProbability": 0,
        "precipType": "clear",
        "snowIntensity": 0,
        "temperature": 30.146,
        "time": 1672470000,
        "windSpeed": 8.576755748912369,
      },
      {
        "apparentTemperature": 20.93,
        "precipIntensity": 0,
        "precipProbability": 0,
        "precipType": "clear",
        "snowIntensity": 0,
        "temperature": 29.174,
        "time": 1672473600,
        "windSpeed": 8.682411435674332,
      },
      {
        "apparentTemperature": 19.688000000000002,
        "precipIntensity": 0,
        "precipProbability": 0,
        "precipType": "clear",
        "snowIntensity": 0,
        "temperature": 28.256,
        "time": 1672477200,
        "windSpeed": 8.875077688004971,
      },
      {
        "apparentTemperature": 18.77,
        "precipIntensity": 0,
        "precipProbability": 0,
        "precipType": "clear",
        "snowIntensity": 0,
        "temperature": 27.572,
        "time": 1672480800,
        "windSpeed": 9.024238657551274,
      },
      {
        "apparentTemperature": 17.851999999999997,
        "precipIntensity": 0,
        "precipProbability": 0,
        "precipType": "clear",
        "snowIntensity": 0,
        "temperature": 26.96,
        "time": 1672484400,
        "windSpeed": 9.291485394655066,
      },
      {
        "apparentTemperature": 17.221999999999998,
        "precipIntensity": 0,
        "precipProbability": 0,
        "precipType": "clear",
        "snowIntensity": 0,
        "temperature": 26.528,
        "time": 1672488000,
        "windSpeed": 9.477936606587942,
      },
      {
        "apparentTemperature": 16.97,
        "precipIntensity": 0,
        "precipProbability": 0,
        "precipType": "clear",
        "snowIntensity": 0,
        "temperature": 26.564,
        "time": 1672491600,
        "windSpeed": 9.987569919204475,
      },
      {
        "apparentTemperature": 17.473999999999997,
        "precipIntensity": 0,
        "precipProbability": 0,
        "precipType": "clear",
        "snowIntensity": 0,
        "temperature": 27.247999999999998,
        "time": 1672495200,
        "windSpeed": 10.590428837787446,
      },
      {
        "apparentTemperature": 19.67,
        "precipIntensity": 0,
        "precipProbability": 0,
        "precipType": "clear",
        "snowIntensity": 0,
        "temperature": 29.246,
        "time": 1672498800,
        "windSpeed": 11.22436295835923,
      },
      {
        "apparentTemperature": 25.25,
        "precipIntensity": 0,
        "precipProbability": 0,
        "precipType": "clear",
        "snowIntensity": 0,
        "temperature": 33.872,
        "time": 1672502400,
        "windSpeed": 11.690490988191423,
      },
      {
        "apparentTemperature": 31.658,
        "precipIntensity": 0,
        "precipProbability": 0,
        "precipType": "clear",
        "snowIntensity": 0,
        "temperature": 39.38,
        "time": 1672506000,
        "windSpeed": 13.039154754505905,
      },
      {
        "apparentTemperature": 37.832,
        "precipIntensity": 0,
        "precipProbability": 0,
        "precipType": "clear",
        "snowIntensity": 0,
        "temperature": 44.51,
        "time": 1672509600,
        "windSpeed": 14.058421379738968,
      },
      {
        "apparentTemperature": 43.178,
        "precipIntensity": 0,
        "precipProbability": 0,
        "precipType": "clear",
        "snowIntensity": 0,
        "temperature": 48.632000000000005,
        "time": 1672513200,
        "windSpeed": 13.791174642635179,
      },
      {
        "apparentTemperature": 49.604,
        "precipIntensity": 0,
        "precipProbability": 0,
        "precipType": "clear",
        "snowIntensity": 0,
        "temperature": 51.89,
        "time": 1672516800,
        "windSpeed": 13.219390926041019,
      },
      {
        "apparentTemperature": 51.674,
        "precipIntensity": 0,
        "precipProbability": 0,
        "precipType": "clear",
        "snowIntensity": 0,
        "temperature": 54.068,
        "time": 1672520400,
        "windSpeed": 12.007458048477316,
      },
      {
        "apparentTemperature": 52.465999999999994,
        "precipIntensity": 0,
        "precipProbability": 0,
        "precipType": "clear",
        "snowIntensity": 0,
        "temperature": 54.86,
        "time": 1672524000,
        "windSpeed": 10.795525170913612,
      },
      {
        "apparentTemperature": 50.666,
        "precipIntensity": 0,
        "precipProbability": 0,
        "precipType": "clear",
        "snowIntensity": 0,
        "temperature": 52.952,
        "time": 1672527600,
        "windSpeed": 8.036047234307024,
      },
      {
        "apparentTemperature": 46.85,
        "precipIntensity": 0,
        "precipProbability": 0,
        "precipType": "clear",
        "snowIntensity": 0,
        "temperature": 49.784000000000006,
        "time": 1672531200,
        "windSpeed": 7.128651336233686,
      },
      {
        "apparentTemperature": 44.186,
        "precipIntensity": 0,
        "precipProbability": 0,
        "precipType": "clear",
        "snowIntensity": 0,
        "temperature": 47.696,
        "time": 1672534800,
        "windSpeed": 7.433188315724053,
      },
      {
        "apparentTemperature": 41.558,
        "precipIntensity": 0,
        "precipProbability": 0,
        "precipType": "clear",
        "snowIntensity": 0,
        "temperature": 45.626000000000005,
        "time": 1672538400,
        "windSpeed": 7.700435052827844,
      },
      {
        "apparentTemperature": 39.074,
        "precipIntensity": 0,
        "precipProbability": 0,
        "precipType": "clear",
        "snowIntensity": 0,
        "temperature": 43.862,
        "time": 1672542000,
        "windSpeed": 8.41516469857054,
      },
      {
        "apparentTemperature": 37.67,
        "precipIntensity": 0,
        "precipProbability": 0,
        "precipType": "clear",
        "snowIntensity": 0,
        "temperature": 42.818,
        "time": 1672545600,
        "windSpeed": 8.70105655686762,
      },
      {
        "apparentTemperature": 36.536,
        "precipIntensity": 0,
        "precipProbability": 0,
        "precipType": "clear",
        "snowIntensity": 0,
        "temperature": 42.044,
        "time": 1672549200,
        "windSpeed": 9.117464263517713,
      },
      {
        "apparentTemperature": 35.366,
        "precipIntensity": 0,
        "precipProbability": 0,
        "precipType": "clear",
        "snowIntensity": 0,
        "temperature": 41.251999999999995,
        "time": 1672552800,
        "windSpeed": 9.540087010565568,
      },
      {
        "apparentTemperature": 36.662,
        "precipIntensity": 0,
        "precipProbability": 0,
        "precipType": "clear",
        "snowIntensity": 0,
        "temperature": 42.116,
        "time": 1672556400,
        "windSpeed": 8.986948415164699,
      },
      {
        "apparentTemperature": 35.69,
        "precipIntensity": 0,
        "precipProbability": 0,
        "precipType": "clear",
        "snowIntensity": 0,
        "temperature": 41.45,
        "time": 1672560000,
        "windSpeed": 9.347420758234929,
      },
      {
        "apparentTemperature": 35.258,
        "precipIntensity": 0,
        "precipProbability": 0,
        "precipType": "clear",
        "snowIntensity": 0,
        "temperature": 41.216,
        "time": 1672563600,
        "windSpeed": 9.676817899316346,
      },
      {
        "apparentTemperature": 34.394,
        "precipIntensity": 0,
        "precipProbability": 0,
        "precipType": "clear",
        "snowIntensity": 0,
        "temperature": 40.676,
        "time": 1672567200,
        "windSpeed": 10.174021131137353,
      },
      {
        "apparentTemperature": 33.746,
        "precipIntensity": 0,
        "precipProbability": 0,
        "precipType": "clear",
        "snowIntensity": 0,
        "temperature": 40.334,
        "time": 1672570800,
        "windSpeed": 10.658794282162834,
      },
      {
        "apparentTemperature": 33.098,
        "precipIntensity": 0,
        "precipProbability": 0,
        "precipType": "clear",
        "snowIntensity": 0,
        "temperature": 39.92,
        "time": 1672574400,
        "windSpeed": 10.969546302050963,
      },
      {
        "apparentTemperature": 32.324,
        "precipIntensity": 0,
        "precipProbability": 0,
        "precipType": "clear",
        "snowIntensity": 0,
        "temperature": 39.218,
        "time": 1672578000,
        "windSpeed": 10.733374766935984,
      },
      {
        "apparentTemperature": 32.018,
        "precipIntensity": 0,
        "precipProbability": 0,
        "precipType": "clear",
        "snowIntensity": 0,
        "temperature": 38.588,
        "time": 1672581600,
        "windSpeed": 9.670602858918583,
      },
      {
        "apparentTemperature": 33.098,
        "precipIntensity": 0,
        "precipProbability": 0,
        "precipType": "clear",
        "snowIntensity": 0,
        "temperature": 39.416,
        "time": 1672585200,
        "windSpeed": 9.54630205096333,
      },
      {
        "apparentTemperature": 35.312,
        "precipIntensity": 0,
        "precipProbability": 0,
        "precipType": "clear",
        "snowIntensity": 0,
        "temperature": 42.007999999999996,
        "time": 1672588800,
        "windSpeed": 12.069608452454942,
      },
      {
        "apparentTemperature": 39.542,
        "precipIntensity": 0,
        "precipProbability": 0,
        "precipType": "clear",
        "snowIntensity": 0,
        "temperature": 45.824,
        "time": 1672592400,
        "windSpeed": 13.965195773772528,
      },
      {
        "apparentTemperature": 43.232,
        "precipIntensity": 0,
        "precipProbability": 0,
        "precipType": "clear",
        "snowIntensity": 0,
        "temperature": 48.721999999999994,
        "time": 1672596000,
        "windSpeed": 14.03977625854568,
      },
      {
        "apparentTemperature": 48.74,
        "precipIntensity": 0,
        "precipProbability": 0,
        "precipType": "clear",
        "snowIntensity": 0,
        "temperature": 50.846000000000004,
        "time": 1672599600,
        "windSpeed": 14.549409571162213,
      },
      {
        "apparentTemperature": 50.647999999999996,
        "precipIntensity": 0,
        "precipProbability": 0,
        "precipType": "clear",
        "snowIntensity": 0,
        "temperature": 52.826,
        "time": 1672603200,
        "windSpeed": 14.30080795525171,
      },
      {
        "apparentTemperature": 51.71,
        "precipIntensity": 0,
        "precipProbability": 0,
        "precipType": "clear",
        "snowIntensity": 0,
        "temperature": 53.924,
        "time": 1672606800,
        "windSpeed": 13.337476693598509,
      },
      {
        "apparentTemperature": 51.025999999999996,
        "precipIntensity": 0,
        "precipProbability": 0,
        "precipType": "clear",
        "snowIntensity": 0,
        "temperature": 53.221999999999994,
        "time": 1672610400,
        "windSpeed": 11.8769422001243,
      },
      {
        "apparentTemperature": 49.873999999999995,
        "precipIntensity": 0,
        "precipProbability": 0,
        "precipType": "clear",
        "snowIntensity": 0,
        "temperature": 52.016,
        "time": 1672614000,
        "windSpeed": 9.9005593536358,
      },
      {
        "apparentTemperature": 46.472,
        "precipIntensity": 0,
        "precipProbability": 0,
        "precipType": "clear",
        "snowIntensity": 0,
        "temperature": 49.694,
        "time": 1672617600,
        "windSpeed": 7.743940335612182,
      },
      {
        "apparentTemperature": 43.592,
        "precipIntensity": 0,
        "precipProbability": 0,
        "precipType": "clear",
        "snowIntensity": 0,
        "temperature": 46.832,
        "time": 1672621200,
        "windSpeed": 6.525792417650715,
      },
      {
        "apparentTemperature": 39.65,
        "precipIntensity": 0,
        "precipProbability": 0,
        "precipType": "clear",
        "snowIntensity": 0,
        "temperature": 42.926,
        "time": 1672624800,
        "windSpeed": 5.326289620882536,
      },
      {
        "apparentTemperature": 36.464,
        "precipIntensity": 0,
        "precipProbability": 0,
        "precipType": "clear",
        "snowIntensity": 0,
        "temperature": 39.596000000000004,
        "time": 1672628400,
        "windSpeed": 4.406463642013673,
      },
      {
        "apparentTemperature": 34.61,
        "precipIntensity": 0,
        "precipProbability": 0,
        "precipType": "clear",
        "snowIntensity": 0,
        "temperature": 37.886,
        "time": 1672632000,
        "windSpeed": 4.238657551274083,
      },
      {
        "apparentTemperature": 32.882,
        "precipIntensity": 0,
        "precipProbability": 0,
        "precipType": "clear",
        "snowIntensity": 0,
        "temperature": 36.248,
        "time": 1672635600,
        "windSpeed": 4.0832815413300185,
      },
      {
        "apparentTemperature": 31.154,
        "precipIntensity": 0,
        "precipProbability": 0,
        "precipType": "clear",
        "snowIntensity": 0,
        "temperature": 34.988,
        "time": 1672639200,
        "windSpeed": 4.331883157240522,
      },
      {
        "apparentTemperature": 29.12,
        "precipIntensity": 0,
        "precipProbability": 0,
        "precipType": "clear",
        "snowIntensity": 0,
        "temperature": 33.548,
        "time": 1672642800,
        "windSpeed": 4.723430702299565,
      },
      {
        "apparentTemperature": 27.68,
        "precipIntensity": 0,
        "precipProbability": 0,
        "precipType": "clear",
        "snowIntensity": 0,
        "temperature": 32.756,
        "time": 1672646400,
        "windSpeed": 5.307644499689247,
      },
      {
        "apparentTemperature": 26.168,
        "precipIntensity": 0,
        "precipProbability": 0,
        "precipType": "clear",
        "snowIntensity": 0,
        "temperature": 32.09,
        "time": 1672650000,
        "windSpeed": 6.1901802361715355,
      },
      {
        "apparentTemperature": 24.89,
        "precipIntensity": 0,
        "precipProbability": 0,
        "precipType": "clear",
        "snowIntensity": 0,
        "temperature": 31.424,
        "time": 1672653600,
        "windSpeed": 6.836544437538844,
      },
      {
        "apparentTemperature": 23.774,
        "precipIntensity": 0,
        "precipProbability": 0,
        "precipType": "clear",
        "snowIntensity": 0,
        "temperature": 30.884,
        "time": 1672657200,
        "windSpeed": 7.520198881292728,
      },
      {
        "apparentTemperature": 24.134,
        "precipIntensity": 0,
        "precipProbability": 0,
        "precipType": "clear",
        "snowIntensity": 0,
        "temperature": 31.496,
        "time": 1672660800,
        "windSpeed": 8.091982597886886,
      },
      {
        "apparentTemperature": 24.997999999999998,
        "precipIntensity": 0,
        "precipProbability": 0,
        "precipType": "clear",
        "snowIntensity": 0,
        "temperature": 32.36,
        "time": 1672664400,
        "windSpeed": 8.402734617775016,
      },
      {
        "apparentTemperature": 26.311999999999998,
        "precipIntensity": 0,
        "precipProbability": 0,
        "precipType": "clear",
        "snowIntensity": 0,
        "temperature": 33.512,
        "time": 1672668000,
        "windSpeed": 8.620261031696705,
      },
      {
        "apparentTemperature": 28.31,
        "precipIntensity": 0,
        "precipProbability": 0,
        "precipType": "clear",
        "snowIntensity": 0,
        "temperature": 35.366,
        "time": 1672671600,
        "windSpeed": 9.105034182722187,
      },
      {
        "apparentTemperature": 31.892,
        "precipIntensity": 0,
        "precipProbability": 0,
        "precipType": "clear",
        "snowIntensity": 0,
        "temperature": 38.678,
        "time": 1672675200,
        "windSpeed": 10.192666252330639,
      },
      {
        "apparentTemperature": 35.942,
        "precipIntensity": 0,
        "precipProbability": 0,
        "precipType": "clear",
        "snowIntensity": 0,
        "temperature": 42.368,
        "time": 1672678800,
        "windSpeed": 11.547545059042882,
      },
      {
        "apparentTemperature": 40.19,
        "precipIntensity": 0,
        "precipProbability": 0,
        "precipType": "clear",
        "snowIntensity": 0,
        "temperature": 46.004000000000005,
        "time": 1672682400,
        "windSpeed": 12.517091361093847,
      },
      {
        "apparentTemperature": 44.635999999999996,
        "precipIntensity": 0,
        "precipProbability": 0,
        "precipType": "clear",
        "snowIntensity": 0,
        "temperature": 49.604,
        "time": 1672686000,
        "windSpeed": 12.939714108141704,
      },
      {
        "apparentTemperature": 50.936,
        "precipIntensity": 0,
        "precipProbability": 0,
        "precipType": "clear",
        "snowIntensity": 0,
        "temperature": 53.168,
        "time": 1672689600,
        "windSpeed": 12.983219390926042,
      },
      {
        "apparentTemperature": 53.096000000000004,
        "precipIntensity": 0,
        "precipProbability": 0,
        "precipType": "clear",
        "snowIntensity": 0,
        "temperature": 55.454,
        "time": 1672693200,
        "windSpeed": 12.47980111870727,
      },
      {
        "apparentTemperature": 53.078,
        "precipIntensity": 0,
        "precipProbability": 0,
        "precipType": "clear",
        "snowIntensity": 0,
        "temperature": 55.418,
        "time": 1672696800,
        "windSpeed": 11.044126786824114,
      },
      {
        "apparentTemperature": 51.638000000000005,
        "precipIntensity": 0,
        "precipProbability": 0,
        "precipType": "clear",
        "snowIntensity": 0,
        "temperature": 53.888000000000005,
        "time": 1672700400,
        "windSpeed": 9.073958980733375,
      },
      {
        "apparentTemperature": 50.054,
        "precipIntensity": 0,
        "precipProbability": 0,
        "precipType": "clear",
        "snowIntensity": 0,
        "temperature": 52.214,
        "time": 1672704000,
        "windSpeed": 7.569919204474829,
      },
      {
        "apparentTemperature": 48.578,
        "precipIntensity": 0.027559055118110236,
        "precipProbability": 0.08,
        "precipType": "rain",
        "snowIntensity": 0,
        "temperature": 50.666,
        "time": 1672707600,
        "windSpeed": 7.060285891858297,
      },
      {
        "apparentTemperature": 46.49,
        "precipIntensity": 0.06299212598425198,
        "precipProbability": 0.08,
        "precipType": "rain",
        "snowIntensity": 0,
        "temperature": 49.46,
        "time": 1672711200,
        "windSpeed": 7.0229956494717225,
      },
      {
        "apparentTemperature": 44.834,
        "precipIntensity": 0.08661417322834647,
        "precipProbability": 0.08,
        "precipType": "rain",
        "snowIntensity": 0,
        "temperature": 48.038,
        "time": 1672714800,
        "windSpeed": 6.929770043505283,
      },
      {
        "apparentTemperature": 43.79,
        "precipIntensity": 0.07874015748031496,
        "precipProbability": 0.08,
        "precipType": "rain",
        "snowIntensity": 0,
        "temperature": 47.012,
        "time": 1672718400,
        "windSpeed": 6.56308266003729,
      },
      {
        "apparentTemperature": 42.89,
        "precipIntensity": 0.05511811023622047,
        "precipProbability": 0.08,
        "precipType": "rain",
        "snowIntensity": 0,
        "temperature": 46.076,
        "time": 1672722000,
        "windSpeed": 6.134244872591672,
      },
      {
        "apparentTemperature": 41.774,
        "precipIntensity": 0.03543307086614173,
        "precipProbability": 0.09,
        "precipType": "rain",
        "snowIntensity": 0,
        "temperature": 44.942,
        "time": 1672725600,
        "windSpeed": 5.736482287134867,
      },
      {
        "apparentTemperature": 40.172,
        "precipIntensity": 0.023622047244094488,
        "precipProbability": 0.08,
        "precipType": "rain",
        "snowIntensity": 0,
        "temperature": 43.412,
        "time": 1672729200,
        "windSpeed": 5.394655065257924,
      },
      {
        "apparentTemperature": 37.076,
        "precipIntensity": 0.015748031496062995,
        "precipProbability": 0.08,
        "precipType": "rain",
        "snowIntensity": 0,
        "temperature": 40.586,
        "time": 1672732800,
        "windSpeed": 5.083903045369794,
      },
      {
        "apparentTemperature": 35.312,
        "precipIntensity": 0.007874015748031498,
        "precipProbability": 0.08,
        "precipType": "rain",
        "snowIntensity": 0,
        "temperature": 38.912,
        "time": 1672736400,
        "windSpeed": 4.816656308266004,
      },
      {
        "apparentTemperature": 33.404,
        "precipIntensity": 0,
        "precipProbability": 0,
        "precipType": "clear",
        "snowIntensity": 0,
        "temperature": 37.094,
        "time": 1672740000,
        "windSpeed": 4.580484773151025,
      },
      {
        "apparentTemperature": 31.478,
        "precipIntensity": 0,
        "precipProbability": 0,
        "precipType": "clear",
        "snowIntensity": 0,
        "temperature": 35.312,
        "time": 1672743600,
        "windSpeed": 4.394033561218148,
      },
      {
        "apparentTemperature": 30.362,
        "precipIntensity": 0,
        "precipProbability": 0,
        "precipType": "clear",
        "snowIntensity": 0,
        "temperature": 34.322,
        "time": 1672747200,
        "windSpeed": 4.369173399627098,
      },
      {
        "apparentTemperature": 31.406,
        "precipIntensity": 0,
        "precipProbability": 0,
        "precipType": "clear",
        "snowIntensity": 0,
        "temperature": 35.402,
        "time": 1672750800,
        "windSpeed": 4.605344934742076,
      },
      {
        "apparentTemperature": 33.206,
        "precipIntensity": 0,
        "precipProbability": 0,
        "precipType": "clear",
        "snowIntensity": 0,
        "temperature": 37.238,
        "time": 1672754400,
        "windSpeed": 4.990677439403356,
      },
      {
        "apparentTemperature": 36.464,
        "precipIntensity": 0,
        "precipProbability": 0,
        "precipType": "clear",
        "snowIntensity": 0,
        "temperature": 40.226,
        "time": 1672758000,
        "windSpeed": 5.338719701678061,
      },
      {
        "apparentTemperature": 40.694,
        "precipIntensity": 0.011811023622047244,
        "precipProbability": 0.1,
        "precipType": "rain",
        "snowIntensity": 0,
        "temperature": 43.952,
        "time": 1672761600,
        "windSpeed": 5.593536357986327,
      },
      {
        "apparentTemperature": 45.176,
        "precipIntensity": 0.01968503937007874,
        "precipProbability": 0.11,
        "precipType": "rain",
        "snowIntensity": 0,
        "temperature": 47.84,
        "time": 1672765200,
        "windSpeed": 5.804847731510255,
      },
      {
        "apparentTemperature": 47.282,
        "precipIntensity": 0.023622047244094488,
        "precipProbability": 0.12,
        "precipType": "rain",
        "snowIntensity": 0,
        "temperature": 49.694,
        "time": 1672768800,
        "windSpeed": 5.98508390304537,
      },
      {
        "apparentTemperature": 49.55,
        "precipIntensity": 0.01968503937007874,
        "precipProbability": 0.12,
        "precipType": "rain",
        "snowIntensity": 0,
        "temperature": 51.332,
        "time": 1672772400,
        "windSpeed": 6.183965195773772,
      },
      {
        "apparentTemperature": 50.684,
        "precipIntensity": 0.011811023622047244,
        "precipProbability": 0.12,
        "precipType": "rain",
        "snowIntensity": 0,
        "temperature": 52.519999999999996,
        "time": 1672776000,
        "windSpeed": 6.357986326911125,
      },
      {
        "apparentTemperature": 51.26,
        "precipIntensity": 0,
        "precipProbability": 0,
        "precipType": "clear",
        "snowIntensity": 0,
        "temperature": 53.114000000000004,
        "time": 1672779600,
        "windSpeed": 6.376631448104413,
      },
      {
        "apparentTemperature": 50.647999999999996,
        "precipIntensity": 0,
        "precipProbability": 0,
        "precipType": "clear",
        "snowIntensity": 0,
        "temperature": 52.519999999999996,
        "time": 1672783200,
        "windSpeed": 6.072094468614046,
      },
      {
        "apparentTemperature": 49.586,
        "precipIntensity": 0,
        "precipProbability": 0,
        "precipType": "clear",
        "snowIntensity": 0,
        "temperature": 51.458,
        "time": 1672786800,
        "windSpeed": 5.605966438781852,
      },
      {
        "apparentTemperature": 48.308,
        "precipIntensity": 0,
        "precipProbability": 0,
        "precipType": "clear",
        "snowIntensity": 0,
        "temperature": 50.18,
        "time": 1672790400,
        "windSpeed": 5.3822249844623995,
      },
      {
        "apparentTemperature": 46.346000000000004,
        "precipIntensity": 0,
        "precipProbability": 0,
        "precipType": "clear",
        "snowIntensity": 0,
        "temperature": 48.686,
        "time": 1672794000,
        "windSpeed": 5.525170913610939,
      },
      {
        "apparentTemperature": 43.682,
        "precipIntensity": 0,
        "precipProbability": 0,
        "precipType": "clear",
        "snowIntensity": 0,
        "temperature": 46.634,
        "time": 1672797600,
        "windSpeed": 5.922933499067744,
      },
      {
        "apparentTemperature": 40.496,
        "precipIntensity": 0,
        "precipProbability": 0,
        "precipType": "clear",
        "snowIntensity": 0,
        "temperature": 44.276,
        "time": 1672801200,
        "windSpeed": 6.58794282162834,
      },
      {
        "apparentTemperature": 37.958,
        "precipIntensity": 0,
        "precipProbability": 0,
        "precipType": "clear",
        "snowIntensity": 0,
        "temperature": 42.674,
        "time": 1672804800,
        "windSpeed": 7.706650093225607,
      },
      {
        "apparentTemperature": 34.916,
        "precipIntensity": 0,
        "precipProbability": 0,
        "precipType": "clear",
        "snowIntensity": 0,
        "temperature": 40.712,
        "time": 1672808400,
        "windSpeed": 9.06152889993785,
      },
      {
        "apparentTemperature": 33.098,
        "precipIntensity": 0,
        "precipProbability": 0,
        "precipType": "clear",
        "snowIntensity": 0,
        "temperature": 39.614000000000004,
        "time": 1672812000,
        "windSpeed": 10.068365444375388,
      },
      {
        "apparentTemperature": 31.73,
        "precipIntensity": 0,
        "precipProbability": 0,
        "precipType": "clear",
        "snowIntensity": 0,
        "temperature": 38.624,
        "time": 1672815600,
        "windSpeed": 10.366687383467992,
      },
      {
        "apparentTemperature": 29.84,
        "precipIntensity": 0,
        "precipProbability": 0,
        "precipType": "clear",
        "snowIntensity": 0,
        "temperature": 37.058,
        "time": 1672819200,
        "windSpeed": 10.261031696706029,
      },
      {
        "apparentTemperature": 28.67,
        "precipIntensity": 0,
        "precipProbability": 0,
        "precipType": "clear",
        "snowIntensity": 0,
        "temperature": 36.068,
        "time": 1672822800,
        "windSpeed": 10.11808576755749,
      },
      {
        "apparentTemperature": 29.21,
        "precipIntensity": 0,
        "precipProbability": 0,
        "precipType": "clear",
        "snowIntensity": 0,
        "temperature": 36.518,
        "time": 1672826400,
        "windSpeed": 10.174021131137353,
      },
      {
        "apparentTemperature": 28.616,
        "precipIntensity": 0,
        "precipProbability": 0,
        "precipType": "clear",
        "snowIntensity": 0,
        "temperature": 36.104,
        "time": 1672830000,
        "windSpeed": 10.354257302672467,
      },
      {
        "apparentTemperature": 27.644,
        "precipIntensity": 0,
        "precipProbability": 0,
        "precipType": "clear",
        "snowIntensity": 0,
        "temperature": 35.402,
        "time": 1672833600,
        "windSpeed": 10.55313859540087,
      },
      {
        "apparentTemperature": 32.036,
        "precipIntensity": 0,
        "precipProbability": 0,
        "precipType": "clear",
        "snowIntensity": 0,
        "temperature": 38.93,
        "time": 1672837200,
        "windSpeed": 10.55313859540087,
      },
      {
        "apparentTemperature": 32.144,
        "precipIntensity": 0,
        "precipProbability": 0,
        "precipType": "clear",
        "snowIntensity": 0,
        "temperature": 39.038,
        "time": 1672840800,
        "windSpeed": 10.652579241765071,
      },
      {
        "apparentTemperature": 31.928,
        "precipIntensity": 0,
        "precipProbability": 0,
        "precipType": "clear",
        "snowIntensity": 0,
        "temperature": 39.146,
        "time": 1672844400,
        "windSpeed": 11.485394655065258,
      },
      {
        "apparentTemperature": 32.378,
        "precipIntensity": 0,
        "precipProbability": 0,
        "precipType": "clear",
        "snowIntensity": 0,
        "temperature": 40.1,
        "time": 1672848000,
        "windSpeed": 13.57986326911125,
      },
      {
        "apparentTemperature": 34.016,
        "precipIntensity": 0,
        "precipProbability": 0,
        "precipType": "clear",
        "snowIntensity": 0,
        "temperature": 41.972,
        "time": 1672851600,
        "windSpeed": 16.115599751398385,
      },
      {
        "apparentTemperature": 34.718,
        "precipIntensity": 0,
        "precipProbability": 0,
        "precipType": "clear",
        "snowIntensity": 0,
        "temperature": 42.854,
        "time": 1672855200,
        "windSpeed": 17.719080174021133,
      },
      {
        "apparentTemperature": 35.294,
        "precipIntensity": 0,
        "precipProbability": 0,
        "precipType": "clear",
        "snowIntensity": 0,
        "temperature": 43.304,
        "time": 1672858800,
        "windSpeed": 17.81230577998757,
      },
      {
        "apparentTemperature": 36.302,
        "precipIntensity": 0,
        "precipProbability": 0,
        "precipType": "clear",
        "snowIntensity": 0,
        "temperature": 43.916,
        "time": 1672862400,
        "windSpeed": 16.942200124300808,
      },
      {
        "apparentTemperature": 36.716,
        "precipIntensity": 0,
        "precipProbability": 0,
        "precipType": "clear",
        "snowIntensity": 0,
        "temperature": 43.934,
        "time": 1672866000,
        "windSpeed": 15.481665630826601,
      },
      {
        "apparentTemperature": 35.996,
        "precipIntensity": 0,
        "precipProbability": 0,
        "precipType": "clear",
        "snowIntensity": 0,
        "temperature": 42.908,
        "time": 1672869600,
        "windSpeed": 13.492852703542574,
      },
      {
        "apparentTemperature": 34.88,
        "precipIntensity": 0,
        "precipProbability": 0,
        "precipType": "clear",
        "snowIntensity": 0,
        "temperature": 41.432,
        "time": 1672873200,
        "windSpeed": 11.261653200745805,
      },
      {
        "apparentTemperature": 33.656,
        "precipIntensity": 0,
        "precipProbability": 0,
        "precipType": "clear",
        "snowIntensity": 0,
        "temperature": 39.83,
        "time": 1672876800,
        "windSpeed": 9.465506525792417,
      },
      {
        "apparentTemperature": 30.398,
        "precipIntensity": 0,
        "precipProbability": 0,
        "precipType": "clear",
        "snowIntensity": 0,
        "temperature": 36.986,
        "time": 1672880400,
        "windSpeed": 8.924798011187072,
      },
      {
        "apparentTemperature": 27.554,
        "precipIntensity": 0,
        "precipProbability": 0,
        "precipType": "clear",
        "snowIntensity": 0,
        "temperature": 34.736,
        "time": 1672884000,
        "windSpeed": 9.105034182722187,
      },
      {
        "apparentTemperature": 24.98,
        "precipIntensity": 0,
        "precipProbability": 0,
        "precipType": "clear",
        "snowIntensity": 0,
        "temperature": 32.936,
        "time": 1672887600,
        "windSpeed": 9.745183343691734,
      },
      {
        "apparentTemperature": 22.874,
        "precipIntensity": 0,
        "precipProbability": 0,
        "precipType": "clear",
        "snowIntensity": 0,
        "temperature": 31.586,
        "time": 1672891200,
        "windSpeed": 10.615288999378494,
      },
      {
        "apparentTemperature": 21.164,
        "precipIntensity": 0,
        "precipProbability": 0,
        "precipType": "clear",
        "snowIntensity": 0,
        "temperature": 30.488,
        "time": 1672894800,
        "windSpeed": 11.311373523927905,
      },
      {
        "apparentTemperature": 19.868,
        "precipIntensity": 0,
        "precipProbability": 0,
        "precipType": "clear",
        "snowIntensity": 0,
        "temperature": 29.444,
        "time": 1672898400,
        "windSpeed": 11.286513362336855,
      },
      {
        "apparentTemperature": 19.04,
        "precipIntensity": 0,
        "precipProbability": 0,
        "precipType": "clear",
        "snowIntensity": 0,
        "temperature": 28.328,
        "time": 1672902000,
        "windSpeed": 10.192666252330639,
      },
      {
        "apparentTemperature": 18.194,
        "precipIntensity": 0,
        "precipProbability": 0,
        "precipType": "clear",
        "snowIntensity": 0,
        "temperature": 26.78,
        "time": 1672905600,
        "windSpeed": 8.402734617775016,
      },
      {
        "apparentTemperature": 18.104,
        "precipIntensity": 0,
        "precipProbability": 0,
        "precipType": "clear",
        "snowIntensity": 0,
        "temperature": 25.538,
        "time": 1672909200,
        "windSpeed": 6.451211932877564,
      },
      {
        "apparentTemperature": 18.374,
        "precipIntensity": 0,
        "precipProbability": 0,
        "precipType": "clear",
        "snowIntensity": 0,
        "temperature": 24.368,
        "time": 1672912800,
        "windSpeed": 4.73586078309509,
      },
      {
        "apparentTemperature": 18.932000000000002,
        "precipIntensity": 0,
        "precipProbability": 0,
        "precipType": "clear",
        "snowIntensity": 0,
        "temperature": 23.45,
        "time": 1672916400,
        "windSpeed": 3.4307022995649468,
      },
      {
        "apparentTemperature": 21.578,
        "precipIntensity": 0,
        "precipProbability": 0,
        "precipType": "clear",
        "snowIntensity": 0,
        "temperature": 22.945999999999998,
        "time": 1672920000,
        "windSpeed": 2.7221876942200125,
      },
      {
        "apparentTemperature": 22.189999999999998,
        "precipIntensity": 0,
        "precipProbability": 0,
        "precipType": "clear",
        "snowIntensity": 0,
        "temperature": 23.558,
        "time": 1672923600,
        "windSpeed": 2.6911124922311997,
      },
      {
        "apparentTemperature": 20.804000000000002,
        "precipIntensity": 0,
        "precipProbability": 0,
        "precipType": "clear",
        "snowIntensity": 0,
        "temperature": 24.692,
        "time": 1672927200,
        "windSpeed": 3.132380360472343,
      },
      {
        "apparentTemperature": 21.884,
        "precipIntensity": 0,
        "precipProbability": 0,
        "precipType": "clear",
        "snowIntensity": 0,
        "temperature": 26.509999999999998,
        "time": 1672930800,
        "windSpeed": 3.8471100062150407,
      },
      {
        "apparentTemperature": 24.044,
        "precipIntensity": 0,
        "precipProbability": 0,
        "precipType": "clear",
        "snowIntensity": 0,
        "temperature": 29.192,
        "time": 1672934400,
        "windSpeed": 4.6985705407085145,
      },
      {
        "apparentTemperature": 27.374000000000002,
        "precipIntensity": 0,
        "precipProbability": 0,
        "precipType": "clear",
        "snowIntensity": 0,
        "temperature": 32.648,
        "time": 1672938000,
        "windSpeed": 5.500310752019888,
      },
      {
        "apparentTemperature": 30.11,
        "precipIntensity": 0,
        "precipProbability": 0,
        "precipType": "clear",
        "snowIntensity": 0,
        "temperature": 35.258,
        "time": 1672941600,
        "windSpeed": 5.954008701056557,
      },
      {
        "apparentTemperature": 32.54,
        "precipIntensity": 0,
        "precipProbability": 0,
        "precipType": "clear",
        "snowIntensity": 0,
        "temperature": 37.292,
        "time": 1672945200,
        "windSpeed": 5.941578620261032,
      },
      {
        "apparentTemperature": 34.79,
        "precipIntensity": 0,
        "precipProbability": 0,
        "precipType": "clear",
        "snowIntensity": 0,
        "temperature": 39.056,
        "time": 1672948800,
        "windSpeed": 5.7240522063393415,
      },
      {
        "apparentTemperature": 36.230000000000004,
        "precipIntensity": 0,
        "precipProbability": 0,
        "precipType": "clear",
        "snowIntensity": 0,
        "temperature": 40.172,
        "time": 1672952400,
        "windSpeed": 5.5624611559975135,
      },
      {
        "apparentTemperature": 36.068,
        "precipIntensity": 0,
        "precipProbability": 0,
        "precipType": "clear",
        "snowIntensity": 0,
        "temperature": 40.118,
        "time": 1672956000,
        "windSpeed": 5.692977004350529,
      },
      {
        "apparentTemperature": 34.772,
        "precipIntensity": 0,
        "precipProbability": 0,
        "precipType": "clear",
        "snowIntensity": 0,
        "temperature": 39.164,
        "time": 1672959600,
        "windSpeed": 5.93536357986327,
      },
      {
        "apparentTemperature": 33.17,
        "precipIntensity": 0,
        "precipProbability": 0,
        "precipType": "clear",
        "snowIntensity": 0,
        "temperature": 37.814,
        "time": 1672963200,
        "windSpeed": 5.947793660658794,
      },
      {
        "apparentTemperature": 31.316,
        "precipIntensity": 0,
        "precipProbability": 0,
        "precipType": "clear",
        "snowIntensity": 0,
        "temperature": 35.924,
        "time": 1672966800,
        "windSpeed": 5.419515226848975,
      },
      {
        "apparentTemperature": 29.12,
        "precipIntensity": 0,
        "precipProbability": 0,
        "precipType": "clear",
        "snowIntensity": 0,
        "temperature": 33.422,
        "time": 1672970400,
        "windSpeed": 4.5742697327532635,
      },
      {
        "apparentTemperature": 27.086,
        "precipIntensity": 0,
        "precipProbability": 0,
        "precipType": "clear",
        "snowIntensity": 0,
        "temperature": 31.046,
        "time": 1672974000,
        "windSpeed": 3.871970167806091,
      },
      {
        "apparentTemperature": 25.286,
        "precipIntensity": 0,
        "precipProbability": 0,
        "precipType": "clear",
        "snowIntensity": 0,
        "temperature": 29.156,
        "time": 1672977600,
        "windSpeed": 3.567433188315724,
      },
      {
        "apparentTemperature": 23.522,
        "precipIntensity": 0,
        "precipProbability": 0,
        "precipType": "clear",
        "snowIntensity": 0,
        "temperature": 27.554,
        "time": 1672981200,
        "windSpeed": 3.5177128651336234,
      },
      {
        "apparentTemperature": 21.92,
        "precipIntensity": 0,
        "precipProbability": 0,
        "precipType": "clear",
        "snowIntensity": 0,
        "temperature": 26.204,
        "time": 1672984800,
        "windSpeed": 3.5612181479179617,
      },
      {
        "apparentTemperature": 20.228,
        "precipIntensity": 0,
        "precipProbability": 0,
        "precipType": "clear",
        "snowIntensity": 0,
        "temperature": 24.8,
        "time": 1672988400,
        "windSpeed": 3.617153511497825,
      },
      {
        "apparentTemperature": 18.356,
        "precipIntensity": 0,
        "precipProbability": 0,
        "precipType": "clear",
        "snowIntensity": 0,
        "temperature": 23.323999999999998,
        "time": 1672992000,
        "windSpeed": 3.747669359850839,
      },
      {
        "apparentTemperature": 16.52,
        "precipIntensity": 0,
        "precipProbability": 0,
        "precipType": "clear",
        "snowIntensity": 0,
        "temperature": 22.082,
        "time": 1672995600,
        "windSpeed": 4.058421379738968,
      },
      {
        "apparentTemperature": 14.611999999999998,
        "precipIntensity": 0,
        "precipProbability": 0,
        "precipType": "clear",
        "snowIntensity": 0,
        "temperature": 21.038,
        "time": 1672999200,
        "windSpeed": 4.611559975139839,
      },
      {
        "apparentTemperature": 13.009999999999998,
        "precipIntensity": 0,
        "precipProbability": 0,
        "precipType": "clear",
        "snowIntensity": 0,
        "temperature": 20.299999999999997,
        "time": 1673002800,
        "windSpeed": 5.26413921690491,
      },
      {
        "apparentTemperature": 12.434000000000001,
        "precipIntensity": 0,
        "precipProbability": 0,
        "precipType": "clear",
        "snowIntensity": 0,
        "temperature": 20.299999999999997,
        "time": 1673006400,
        "windSpeed": 5.823492852703542,
      },
      {
        "apparentTemperature": 13.064,
        "precipIntensity": 0,
        "precipProbability": 0,
        "precipType": "clear",
        "snowIntensity": 0,
        "temperature": 21.218,
        "time": 1673010000,
        "windSpeed": 6.308266003729025,
      },
      {
        "apparentTemperature": 14.45,
        "precipIntensity": 0,
        "precipProbability": 0,
        "precipType": "clear",
        "snowIntensity": 0,
        "temperature": 22.748,
        "time": 1673013600,
        "windSpeed": 6.830329397141082,
      },
      {
        "apparentTemperature": 16.646,
        "precipIntensity": 0,
        "precipProbability": 0,
        "precipType": "clear",
        "snowIntensity": 0,
        "temperature": 24.89,
        "time": 1673017200,
        "windSpeed": 7.321317588564325,
      },
      {
        "apparentTemperature": 19.922,
        "precipIntensity": 0,
        "precipProbability": 0,
        "precipType": "clear",
        "snowIntensity": 0,
        "temperature": 27.806,
        "time": 1673020800,
        "windSpeed": 7.6817899316345555,
      },
      {
        "apparentTemperature": 23.594,
        "precipIntensity": 0,
        "precipProbability": 0,
        "precipType": "clear",
        "snowIntensity": 0,
        "temperature": 30.902,
        "time": 1673024400,
        "windSpeed": 7.83716594157862,
      },
      {
        "apparentTemperature": 26.87,
        "precipIntensity": 0,
        "precipProbability": 0,
        "precipType": "clear",
        "snowIntensity": 0,
        "temperature": 33.584,
        "time": 1673028000,
        "windSpeed": 7.799875699192045,
      },
      {
        "apparentTemperature": 29.516,
        "precipIntensity": 0,
        "precipProbability": 0,
        "precipType": "clear",
        "snowIntensity": 0,
        "temperature": 35.618,
        "time": 1673031600,
        "windSpeed": 7.495338719701678,
      },
      {
        "apparentTemperature": 32.036,
        "precipIntensity": 0,
        "precipProbability": 0,
        "precipType": "clear",
        "snowIntensity": 0,
        "temperature": 37.4,
        "time": 1673035200,
        "windSpeed": 6.923555003107521,
      },
      {
        "apparentTemperature": 33.926,
        "precipIntensity": 0,
        "precipProbability": 0,
        "precipType": "clear",
        "snowIntensity": 0,
        "temperature": 38.588,
        "time": 1673038800,
        "windSpeed": 6.183965195773772,
      },
      {
        "apparentTemperature": 34.826,
        "precipIntensity": 0,
        "precipProbability": 0,
        "precipType": "clear",
        "snowIntensity": 0,
        "temperature": 38.93,
        "time": 1673042400,
        "windSpeed": 5.475450590428838,
      },
      {
        "apparentTemperature": 34.376,
        "precipIntensity": 0,
        "precipProbability": 0,
        "precipType": "clear",
        "snowIntensity": 0,
        "temperature": 38.192,
        "time": 1673046000,
        "windSpeed": 4.922311995027968,
      },
      {
        "apparentTemperature": 33.35,
        "precipIntensity": 0,
        "precipProbability": 0,
        "precipType": "clear",
        "snowIntensity": 0,
        "temperature": 37.022,
        "time": 1673049600,
        "windSpeed": 4.54319453076445,
      },
      {
        "apparentTemperature": 31.586,
        "precipIntensity": 0,
        "precipProbability": 0,
        "precipType": "clear",
        "snowIntensity": 0,
        "temperature": 35.276,
        "time": 1673053200,
        "windSpeed": 4.244872591671846,
      },
      {
        "apparentTemperature": 29.102,
        "precipIntensity": 0,
        "precipProbability": 0,
        "precipType": "clear",
        "snowIntensity": 0,
        "temperature": 32.972,
        "time": 1673056800,
        "windSpeed": 4.058421379738968,
      },
      {
        "apparentTemperature": 26.132,
        "precipIntensity": 0,
        "precipProbability": 0,
        "precipType": "clear",
        "snowIntensity": 0,
        "temperature": 30.488,
        "time": 1673060400,
        "windSpeed": 4.151646985705407,
      },
      {
        "apparentTemperature": 23.432000000000002,
        "precipIntensity": 0,
        "precipProbability": 0,
        "precipType": "clear",
        "snowIntensity": 0,
        "temperature": 28.58,
        "time": 1673064000,
        "windSpeed": 4.59291485394655,
      },
      {
        "apparentTemperature": 20.966,
        "precipIntensity": 0,
        "precipProbability": 0,
        "precipType": "clear",
        "snowIntensity": 0,
        "temperature": 26.942,
        "time": 1673067600,
        "windSpeed": 5.139838408949658,
      },
      {
        "apparentTemperature": 19.058,
        "precipIntensity": 0,
        "precipProbability": 0,
        "precipType": "clear",
        "snowIntensity": 0,
        "temperature": 25.61,
        "time": 1673071200,
        "windSpeed": 5.494095711622125,
      },
      {
        "apparentTemperature": 17.744,
        "precipIntensity": 0,
        "precipProbability": 0,
        "precipType": "clear",
        "snowIntensity": 0,
        "temperature": 24.548000000000002,
        "time": 1673074800,
        "windSpeed": 5.531385954008702,
      },
    ],
  },
}
`;
